{
  "id": 1,
  "schedule": {
    "id": 1,
    "tennisCourt": {
      "id": 1,
      "name": "Roland Garros - Court Philippe-Chatrier"
    },
    "startDateTime": "2023-12-20T20:00",
    "endDateTime": "2023-02-20T21:00"
  },
  "reservationStatus": "READY_TO_PLAY",
  "refundValue": 100.00,
  "value": 100.00
}