{
  "id": 1,
  "tennisCourt": {
    "id": 1,
    "name": "Roland Garros - Court Philippe-Chatrier"
  },
  "startDateTime": "2023-12-20T20:00",
  "endDateTime": "2023-02-20T21:00"
}